    0.000000        0.000000000000000       -9.3749999999999997E-003 
   1.8749999999999999E-002   1.8749999999999999E-002
    0.000000       1.8749999999999999E-002   9.3749999999999997E-003 
   1.8749999999999999E-002   1.8749999999999999E-002
    0.000000       3.7499999999999999E-002   2.8124999999999997E-002 
   1.8749999999999999E-002   1.8749999999999999E-002
    0.000000       5.6249999999999994E-002   4.6875000000000000E-002 
   1.8749999999999999E-002   1.8749999999999999E-002
    0.000000       7.4999999999999997E-002   6.5625000000000003E-002 
   1.8749999999999999E-002   1.8749999999999999E-002
    0.000000       9.3750000000000000E-002   8.4375000000000006E-002 
   1.8749999999999999E-002   1.8749999999999999E-002
    0.000000       0.1125000000000000        0.1031250000000000      
   1.8749999999999999E-002   1.8749999999999999E-002
    0.000000       0.1312500000000000        0.1218750000000000      
   1.8749999999999999E-002   1.8749999999999999E-002
    0.000000       0.1500000000000000        0.1406250000000000      
   1.8749999999999999E-002   1.8749999999999999E-002
    0.000000       0.1687500000000000        0.1593750000000000      
   1.8749999999999999E-002   1.8749999999999999E-002
    0.000000       0.1875000000000000        0.1781250000000000      
   1.8749999999999999E-002   1.8749999999999999E-002
    0.000000       0.2062500000000000        0.1968750000000000      
   1.8749999999999999E-002   1.8749999999999999E-002
    0.000000       0.2250000000000000        0.2156250000000000      
   1.8749999999999999E-002   1.8749999999999999E-002
    0.000000       0.2437499999999999        0.2343749999999999      
   1.8749999999999999E-002   1.8749999999999999E-002
    0.000000       0.2625000000000000        0.2531249999999999      
   1.8749999999999999E-002   1.8749999999999999E-002
    0.000000       0.2812499999999999        0.2718749999999999      
   1.8749999999999999E-002   1.8749999999999999E-002
    0.000000       0.2999999999999999        0.2906249999999999      
   1.8749999999999999E-002   1.8749999999999999E-002
    0.000000       0.3187499999999999        0.3093749999999999      
   1.8749999999999999E-002   1.8749999999999999E-002
    0.000000       0.3374999999999999        0.3281249999999999      
   1.8749999999999999E-002   1.8749999999999999E-002
    0.000000       0.3562499999999999        0.3468749999999999      
   1.8749999999999999E-002   1.8749999999999999E-002
    0.000000       0.3749999999999999        0.3656249999999999      
   1.8749999999999999E-002   1.8749999999999999E-002
    0.000000       0.3937499999999999        0.3843749999999999      
   1.8749999999999999E-002   1.8749999999999999E-002
    0.000000       0.4124999999999999        0.4031249999999998      
   1.8749999999999999E-002   1.8749999999999999E-002
    0.000000       0.4312499999999999        0.4218749999999998      
   1.8749999999999999E-002   1.8749999999999999E-002
    0.000000       0.4499999999999998        0.4406249999999998      
   1.8749999999999999E-002   1.8749999999999999E-002
    0.000000       0.4687499999999998        0.4593749999999998      
   1.8749999999999999E-002   1.8749999999999999E-002
    0.000000       0.4874999999999998        0.4781249999999998      
   1.8749999999999999E-002   1.8749999999999999E-002
    0.000000       0.5062499999999999        0.4968749999999998      
   1.8749999999999999E-002   1.8749999999999999E-002
    0.000000       0.5249999999999999        0.5156249999999998      
   1.8749999999999999E-002   1.8749999999999999E-002
    0.000000       0.5437500000000000        0.5343749999999998      
   1.8749999999999999E-002   1.8749999999999999E-002
    0.000000       0.5625000000000000        0.5531249999999999      
   1.8749999999999999E-002   1.8749999999999999E-002
    0.000000       0.5812500000000000        0.5718749999999999      
   1.8749999999999999E-002   1.8749999999999999E-002
    0.000000       0.6000000000000001        0.5906250000000000      
   1.8749999999999999E-002   1.8749999999999999E-002
    0.000000       0.6187500000000001        0.6093750000000000      
   1.8749999999999999E-002   1.8749999999999999E-002
    0.000000       0.6375000000000002        0.6281250000000000      
   1.8749999999999999E-002   1.8749999999999999E-002
    0.000000       0.6562500000000002        0.6468750000000001      
   1.8749999999999999E-002   1.8749999999999999E-002
    0.000000       0.6750000000000003        0.6656250000000001      
   1.8749999999999999E-002   1.8749999999999999E-002
    0.000000       0.6937500000000003        0.6843750000000002      
   1.8749999999999999E-002   1.8749999999999999E-002
    0.000000       0.7125000000000004        0.7031250000000002      
   1.8749999999999999E-002   1.8749999999999999E-002
    0.000000       0.7312500000000004        0.7218750000000003      
   1.8749999999999999E-002   1.8749999999999999E-002
    0.000000       0.7500000000000004        0.7406250000000003      
   1.8749999999999999E-002   1.8749999999999999E-002
    0.000000       0.7687500000000005        0.7593750000000004      
   1.8749999999999999E-002   1.8749999999999999E-002
    0.000000       0.7875000000000005        0.7781250000000004      
   1.8749999999999999E-002   1.8749999999999999E-002
    0.000000       0.8062500000000006        0.7968750000000004      
   1.8749999999999999E-002   1.8749999999999999E-002
    0.000000       0.8250000000000006        0.8156250000000005      
   1.8749999999999999E-002   1.8749999999999999E-002
    0.000000       0.8437500000000007        0.8343750000000005      
   1.8749999999999999E-002   1.8749999999999999E-002
    0.000000       0.8625000000000007        0.8531250000000006      
   1.8749999999999999E-002   1.8749999999999999E-002
    0.000000       0.8812500000000008        0.8718750000000006      
   1.8749999999999999E-002   1.8749999999999999E-002
    0.000000       0.9000000000000008        0.8906250000000007      
   1.8749999999999999E-002   1.8749999999999999E-002
    0.000000       0.9187500000000008        0.9093750000000007      
   1.8749999999999999E-002   1.8749999999999999E-002
    0.000000       0.9375000000000009        0.9281250000000008      
   1.8749999999999999E-002   1.8749999999999999E-002
    0.000000       0.9562500000000009        0.9468750000000008      
   1.8749999999999999E-002   1.8749999999999999E-002
    0.000000       0.9750000000000010        0.9656250000000008      
   1.8749999999999999E-002   1.8749999999999999E-002
    0.000000       0.9937500000000010        0.9843750000000009      
   1.8749999999999999E-002   1.8749999999999999E-002
    0.000000        1.012500000000001         1.003125000000001      
   1.8749999999999999E-002   1.8749999999999999E-002
    0.000000        1.031250000000001         1.021875000000001      
   1.8749999999999999E-002   1.8749999999999999E-002
    0.000000        1.050000000000001         1.040625000000001      
   1.8749999999999999E-002   1.8749999999999999E-002
    0.000000        1.068750000000001         1.059375000000001      
   1.8749999999999999E-002   1.8749999999999999E-002
    0.000000        1.087500000000001         1.078125000000001      
   1.8749999999999999E-002   1.8749999999999999E-002
    0.000000        1.106250000000001         1.096875000000001      
   1.8749999999999999E-002   1.8749999999999999E-002
    0.000000        1.125000000000001         1.115625000000001      
   1.8749999999999999E-002   1.8749999999999999E-002
    0.000000        1.143750000000001         1.134375000000001      
   1.8749999999999999E-002   1.8749999999999999E-002
    0.000000        1.162500000000001         1.153125000000001      
   1.8749999999999999E-002   1.8749999999999999E-002
    0.000000        1.181250000000001         1.171875000000001      
   1.8749999999999999E-002   1.8749999999999999E-002
    0.000000        1.200000000000002         1.190625000000001      
   1.8749999999999999E-002   1.8749999999999999E-002
    0.000000        1.218750000000002         1.209375000000001      
   1.8749999999999999E-002   1.8749999999999999E-002
    0.000000        1.237500000000002         1.228125000000001      
   1.8749999999999999E-002   1.8749999999999999E-002
    0.000000        1.256250000000002         1.246875000000002      
   1.8749999999999999E-002   1.8749999999999999E-002
    0.000000        1.275000000000002         1.265625000000002      
   1.8749999999999999E-002   1.8749999999999999E-002
    0.000000        1.293750000000002         1.284375000000002      
   1.8749999999999999E-002   1.8749999999999999E-002
    0.000000        1.312500000000002         1.303125000000002      
   1.8749999999999999E-002   1.8749999999999999E-002
    0.000000        1.331250000000002         1.321875000000002      
   1.8749999999999999E-002   1.8749999999999999E-002
    0.000000        1.350000000000002         1.340625000000002      
   1.8749999999999999E-002   1.8749999999999999E-002
    0.000000        1.368750000000002         1.359375000000002      
   1.8749999999999999E-002   1.8749999999999999E-002
    0.000000        1.387500000000002         1.378125000000002      
   1.8749999999999999E-002   1.8749999999999999E-002
    0.000000        1.406250000000002         1.396875000000002      
   1.8749999999999999E-002   1.8749999999999999E-002
    0.000000        1.425000000000002         1.415625000000002      
   1.8749999999999999E-002   1.8749999999999999E-002
    0.000000        1.443750000000002         1.434375000000002      
   1.8749999999999999E-002   1.8749999999999999E-002
    0.000000        1.462500000000002         1.453125000000002      
   1.8749999999999999E-002   1.8749999999999999E-002
    0.000000        1.481250000000002         1.471875000000002      
   1.8749999999999999E-002   1.8749999999999999E-002
    0.000000        1.500000000000002         1.490625000000002      
   1.8749999999999999E-002   1.8749999999999999E-002
    0.000000        1.518750000000002         1.509375000000002      
   1.8749999999999999E-002   1.8749999999999999E-002
    0.000000        1.537500000000002         1.528125000000002      
   1.8749999999999999E-002   1.8749999999999999E-002
    0.000000        1.556250000000002         1.546875000000002      
   1.8749999999999999E-002   1.8749999999999999E-002
    0.000000        1.575000000000002         1.565625000000002      
   1.8749999999999999E-002   1.8749999999999999E-002
    0.000000        1.593750000000002         1.584375000000002      
   1.8749999999999999E-002   1.8749999999999999E-002
    0.000000        1.612500000000002         1.603125000000002      
   1.8749999999999999E-002   1.8749999999999999E-002
    0.000000        1.631250000000003         1.621875000000002      
   1.8749999999999999E-002   1.8749999999999999E-002
    0.000000        1.650000000000003         1.640625000000002      
   1.8749999999999999E-002   1.8749999999999999E-002
    0.000000        1.668750000000003         1.659375000000002      
   1.8749999999999999E-002   1.8749999999999999E-002
    0.000000        1.687500000000003         1.678125000000003      
   1.8749999999999999E-002   1.8749999999999999E-002
    0.000000        1.706250000000003         1.696875000000003      
   1.8749999999999999E-002   1.8749999999999999E-002
    0.000000        1.725000000000003         1.715625000000003      
   1.8749999999999999E-002   1.8749999999999999E-002
    0.000000        1.743750000000003         1.734375000000003      
   1.8749999999999999E-002   1.8749999999999999E-002
    0.000000        1.762500000000003         1.753125000000003      
   1.8749999999999999E-002   1.8749999999999999E-002
    0.000000        1.781250000000003         1.771875000000003      
   1.8749999999999999E-002   1.8749999999999999E-002
    0.000000        1.800000000000003         1.790625000000003      
   1.8749999999999999E-002   1.8749999999999999E-002
    0.000000        1.818750000000003         1.809375000000003      
   1.8749999999999999E-002   1.8749999999999999E-002
    0.000000        1.837500000000003         1.828125000000003      
   1.8749999999999999E-002   1.8749999999999999E-002
    0.000000        1.856250000000003         1.846875000000003      
   1.8749999999999999E-002   1.8749999999999999E-002
    0.000000        1.875000000000003         1.865625000000003      
   1.8749999999999999E-002   1.8749999999999999E-002
    0.000000        1.893750000000003         1.884375000000003      
   1.8749999999999999E-002   1.8749999999999999E-002
    0.000000        1.912500000000003         1.903125000000003      
   1.8749999999999999E-002   1.8749999999999999E-002
    0.000000        1.931250000000003         1.921875000000003      
   1.8749999999999999E-002   1.8749999999999999E-002
    0.000000        1.950000000000003         1.940625000000003      
   1.8749999999999999E-002   1.8749999999999999E-002
    0.000000        1.968750000000003         1.959375000000003      
   1.8749999999999999E-002   1.8749999999999999E-002
    0.000000        1.987500000000003         1.978125000000003      
   1.8749999999999999E-002   1.8749999999999999E-002
    0.000000        2.006250000000003         1.996875000000003      
   1.8749999999999999E-002   1.8749999999999999E-002
    0.000000        2.025000000000003         2.015625000000003      
   1.8749999999999999E-002   1.8749999999999999E-002
    0.000000        2.043750000000003         2.034375000000003      
   1.8749999999999999E-002   1.8749999999999999E-002
    0.000000        2.062500000000003         2.053125000000003      
   1.8749999999999999E-002   1.8749999999999999E-002
    0.000000        2.081250000000002         2.071875000000003      
   1.8749999999999999E-002   1.8749999999999999E-002
    0.000000        2.100000000000002         2.090625000000002      
   1.8749999999999999E-002   1.8749999999999999E-002
    0.000000        2.118750000000002         2.109375000000002      
   1.8749999999999999E-002   1.8749999999999999E-002
    0.000000        2.137500000000002         2.128125000000002      
   1.8749999999999999E-002   1.8749999999999999E-002
    0.000000        2.156250000000002         2.146875000000002      
   1.8749999999999999E-002   1.8749999999999999E-002
    0.000000        2.175000000000002         2.165625000000002      
   1.8749999999999999E-002   1.8749999999999999E-002
    0.000000        2.193750000000001         2.184375000000002      
   1.8749999999999999E-002   1.8749999999999999E-002
    0.000000        2.212500000000001         2.203125000000001      
   1.8749999999999999E-002   1.8749999999999999E-002
    0.000000        2.231250000000001         2.221875000000001      
   1.8749999999999999E-002   1.8749999999999999E-002
    0.000000        2.250000000000001         2.240625000000001      
   1.8749999999999999E-002   1.8749999999999999E-002
    0.000000        2.268750000000001         2.259375000000001      
   1.8749999999999999E-002   1.8749999999999999E-002
    0.000000        2.287500000000001         2.278125000000001      
   1.8749999999999999E-002   1.8749999999999999E-002
    0.000000        2.306250000000000         2.296875000000000      
   1.8749999999999999E-002   1.8749999999999999E-002
    0.000000        2.325000000000000         2.315625000000000      
   1.8749999999999999E-002   1.8749999999999999E-002
    0.000000        2.343750000000000         2.334375000000000      
   1.8749999999999999E-002   1.8749999999999999E-002
    0.000000        2.362500000000000         2.353125000000000      
   1.8749999999999999E-002   1.8749999999999999E-002
    0.000000        2.381250000000000         2.371875000000000      
   1.8749999999999999E-002   1.8749999999999999E-002
    0.000000        2.399999999999999         2.390625000000000      
   1.8749999999999999E-002   1.8749999999999999E-002
    0.000000        2.418749999999999         2.409374999999999      
   1.8749999999999999E-002   1.8749999999999999E-002
    0.000000        2.437499999999999         2.428124999999999      
   1.8749999999999999E-002   1.8749999999999999E-002
    0.000000        2.456249999999999         2.446874999999999      
   1.8749999999999999E-002   1.8749999999999999E-002
    0.000000        2.474999999999999         2.465624999999999      
   1.8749999999999999E-002   1.8749999999999999E-002
    0.000000        2.493749999999999         2.484374999999999      
   1.8749999999999999E-002   1.8749999999999999E-002
    0.000000        2.512499999999998         2.503124999999998      
   1.8749999999999999E-002   1.8749999999999999E-002
    0.000000        2.531249999999998         2.521874999999998      
   1.8749999999999999E-002   1.8749999999999999E-002
    0.000000        2.549999999999998         2.540624999999998      
   1.8749999999999999E-002   1.8749999999999999E-002
    0.000000        2.568749999999998         2.559374999999998      
   1.8749999999999999E-002   1.8749999999999999E-002
    0.000000        2.587499999999998         2.578124999999998      
   1.8749999999999999E-002   1.8749999999999999E-002
    0.000000        2.606249999999998         2.596874999999998      
   1.8749999999999999E-002   1.8749999999999999E-002
    0.000000        2.624999999999997         2.615624999999997      
   1.8749999999999999E-002   1.8749999999999999E-002
    0.000000        2.643749999999997         2.634374999999997      
   1.8749999999999999E-002   1.8749999999999999E-002
    0.000000        2.662499999999997         2.653124999999997      
   1.8749999999999999E-002   1.8749999999999999E-002
    0.000000        2.681249999999997         2.671874999999997      
   1.8749999999999999E-002   1.8749999999999999E-002
    0.000000        2.699999999999997         2.690624999999997      
   1.8749999999999999E-002   1.8749999999999999E-002
    0.000000        2.718749999999996         2.709374999999997      
   1.8749999999999999E-002   1.8749999999999999E-002
    0.000000        2.737499999999996         2.728124999999996      
   1.8749999999999999E-002   1.8749999999999999E-002
    0.000000        2.756249999999996         2.746874999999996      
   1.8749999999999999E-002   1.8749999999999999E-002
    0.000000        2.774999999999996         2.765624999999996      
   1.8749999999999999E-002   1.8749999999999999E-002
    0.000000        2.793749999999996         2.784374999999996      
   1.8749999999999999E-002   1.8749999999999999E-002
    0.000000        2.812499999999996         2.803124999999996      
   1.8749999999999999E-002   1.8749999999999999E-002
    0.000000        2.831249999999995         2.821874999999995      
   1.8749999999999999E-002   1.8749999999999999E-002
    0.000000        2.849999999999995         2.840624999999995      
   1.8749999999999999E-002   1.8749999999999999E-002
    0.000000        2.868749999999995         2.859374999999995      
   1.8749999999999999E-002   1.8749999999999999E-002
    0.000000        2.887499999999995         2.878124999999995      
   1.8749999999999999E-002   1.8749999999999999E-002
    0.000000        2.906249999999995         2.896874999999995      
   1.8749999999999999E-002   1.8749999999999999E-002
    0.000000        2.924999999999994         2.915624999999995      
   1.8749999999999999E-002   1.8749999999999999E-002
    0.000000        2.943749999999994         2.934374999999994      
   1.8749999999999999E-002   1.8749999999999999E-002
    0.000000        2.962499999999994         2.953124999999994      
   1.8749999999999999E-002   1.8749999999999999E-002
    0.000000        2.981249999999994         2.971874999999994      
   1.8749999999999999E-002   1.8749999999999999E-002
    0.000000        2.999999999999994         2.990624999999994      
   1.8749999999999999E-002   1.8749999999999999E-002
    0.000000        3.018749999999994         3.009374999999994      
   1.8749999999999999E-002   1.8749999999999999E-002
