 1.0000000000000000E+001  9.1845705115702003E-002  7.3457839853301443E-001
 2.0000000000000000E+001  9.1845705115702003E-002  1.6530354496900346E+000
 3.0000000000000000E+001  9.1845705115702003E-002  2.5714925008470546E+000
 4.0000000000000000E+001  9.1845705115702003E-002  3.4899495520040746E+000
 5.0000000000000000E+001  9.1845705115702003E-002  4.4084066031610947E+000
 6.0000000000000000E+001  9.1845705115702003E-002  5.3268636543181147E+000
 7.0000000000000000E+001  9.1845705115702003E-002  6.2453207054751347E+000
 8.0000000000000000E+001  9.1845705115702003E-002  7.1637777566321548E+000
 9.0000000000000000E+001  9.1845705115702003E-002  8.0822348077891739E+000
 1.0000000000000000E+002  9.1845705115702003E-002  9.0006918589461939E+000
 1.1000000000000000E+002  9.1845705115702003E-002  9.9191489101032140E+000
 1.2000000000000000E+002  9.1845705115702003E-002  1.0837605961260234E+001
 1.3000000000000000E+002  9.1845705115702003E-002  1.1756063012417254E+001
 1.4000000000000000E+002  9.1845705115702003E-002  1.2674520063574274E+001
 1.5000000000000000E+002  9.1845705115702003E-002  1.3592977114731294E+001
 1.6000000000000000E+002  9.1845705115702003E-002  1.4511434165888314E+001
 1.7000000000000000E+002  9.1845705115702003E-002  1.5429891217045334E+001
 1.8000000000000000E+002  9.1845705115702003E-002  1.6348348268202354E+001
 1.9000000000000000E+002  9.1845705115702003E-002  1.7266805319359374E+001
 2.0000000000000000E+002  9.1845705115702003E-002  1.8185262370516394E+001
 2.1000000000000000E+002  9.1845705115702003E-002  1.9103719421673414E+001
 2.2000000000000000E+002  9.1845705115702003E-002  2.0022176472830434E+001
 2.3000000000000000E+002  9.1845705115702003E-002  2.0940633523987454E+001
 2.4000000000000000E+002  9.1845705115702003E-002  2.1859090575144474E+001
 2.5000000000000000E+002  9.1845705115702003E-002  2.2777547626301494E+001
 2.6000000000000000E+002  9.1845705115702003E-002  2.3696004677458514E+001
 2.7000000000000000E+002  9.1845705115702003E-002  2.4614461728615534E+001
 2.8000000000000000E+002  9.1845705115702003E-002  2.5532918779772555E+001
 2.9000000000000000E+002  9.1845705115702003E-002  2.6451375830929575E+001
 3.0000000000000000E+002  9.1845705115702003E-002  2.7369832882086595E+001
 3.1000000000000000E+002  9.1845705115702003E-002  2.8288289933243615E+001
 3.2000000000000000E+002  9.1845705115702003E-002  2.9206746984400635E+001
 3.3000000000000000E+002  9.1845705115702003E-002  3.0125204035557655E+001
 3.4000000000000000E+002  9.1845705115702003E-002  3.1043661086714675E+001
 3.5000000000000000E+002  9.1845705115702003E-002  3.1962118137871695E+001
 3.6000000000000000E+002  9.1845705115702003E-002  3.2880575189028718E+001
 3.7000000000000000E+002  9.1845705115702003E-002  3.3799032240185738E+001
 3.8000000000000000E+002  9.1845705115702003E-002  3.4717489291342758E+001
 3.9000000000000000E+002  9.1845705115702003E-002  3.5635946342499778E+001
 4.0000000000000000E+002  9.1845705115702003E-002  3.6554403393656798E+001
 4.1000000000000000E+002  9.1845705115702003E-002  3.7472860444813819E+001
 4.2000000000000000E+002  9.1845705115702003E-002  3.8391317495970839E+001
 4.3000000000000000E+002  9.1845705115702003E-002  3.9309774547127859E+001
 4.4000000000000000E+002  9.1845705115702003E-002  4.0228231598284879E+001
 4.5000000000000000E+002  9.1845705115702003E-002  4.1146688649441899E+001
 4.6000000000000000E+002  9.1845705115702003E-002  4.2065145700598919E+001
 4.7000000000000000E+002  9.1845705115702003E-002  4.2983602751755939E+001
 4.8000000000000000E+002  9.1845705115702003E-002  4.3902059802912959E+001
 4.9000000000000000E+002  9.1845705115702003E-002  4.4820516854069979E+001
 5.0000000000000000E+002  9.1845705115702003E-002  4.5738973905226999E+001
 5.1000000000000000E+002  9.1845705115702003E-002  4.6657430956384019E+001
 5.2000000000000000E+002  9.1845705115702003E-002  4.7575888007541039E+001
 5.3000000000000000E+002  9.1845705115702003E-002  4.8494345058698059E+001
 5.4000000000000000E+002  9.1845705115702003E-002  4.9412802109855079E+001
 5.5000000000000000E+002  9.1845705115702003E-002  5.0331259161012099E+001
 5.6000000000000000E+002  9.1845705115702003E-002  5.1249716212169119E+001
 5.7000000000000000E+002  9.1845705115702003E-002  5.2168173263326139E+001
 5.8000000000000000E+002  9.1845705115702003E-002  5.3086630314483159E+001
 5.9000000000000000E+002  9.1845705115702003E-002  5.4005087365640179E+001
 6.0000000000000000E+002  9.1845705115702003E-002  5.4923544416797199E+001
 6.1000000000000000E+002  9.1845705115702003E-002  5.5842001467954219E+001
 6.2000000000000000E+002  9.1845705115702003E-002  5.6760458519111239E+001
 6.3000000000000000E+002  9.1845705115702003E-002  5.7678915570268259E+001
 6.4000000000000000E+002  9.1845705115702003E-002  5.8597372621425279E+001
 6.5000000000000000E+002  9.1845705115702003E-002  5.9515829672582299E+001
 6.6000000000000000E+002  9.1845705115702003E-002  6.0434286723739319E+001
 6.7000000000000000E+002  9.1845705115702003E-002  6.1352743774896339E+001
 6.8000000000000000E+002  9.1845705115702003E-002  6.2271200826053359E+001
 6.9000000000000000E+002  9.1845705115702003E-002  6.3189657877210379E+001
 7.0000000000000000E+002  9.1845705115702003E-002  6.4108114928367399E+001
 7.1000000000000000E+002  9.1845705115702003E-002  6.5026571979524419E+001
 7.2000000000000000E+002  9.1845705115702003E-002  6.5945029030681440E+001
 7.3000000000000000E+002  9.1845705115702003E-002  6.6863486081838460E+001
 7.4000000000000000E+002  9.1845705115702003E-002  6.7781943132995480E+001
 7.5000000000000000E+002  9.1845705115702003E-002  6.8700400184152500E+001
 7.6000000000000000E+002  9.1845705115702003E-002  6.9618857235309520E+001
 7.7000000000000000E+002  9.1845705115702003E-002  7.0537314286466540E+001
 7.8000000000000000E+002  9.1845705115702003E-002  7.1455771337623560E+001
 7.9000000000000000E+002  9.1845705115702003E-002  7.2374228388780580E+001
 8.0000000000000000E+002  9.1845705115702003E-002  7.3292685439937600E+001
 8.1000000000000000E+002  9.1845705115702003E-002  7.4211142491094620E+001
 8.2000000000000000E+002  9.1845705115702003E-002  7.5129599542251640E+001
 8.3000000000000000E+002  9.1845705115702003E-002  7.6048056593408660E+001
 8.4000000000000000E+002  9.1845705115702003E-002  7.6966513644565680E+001
 8.5000000000000000E+002  9.1845705115702003E-002  7.7884970695722700E+001
 8.6000000000000000E+002  9.1845705115702003E-002  7.8803427746879720E+001
 8.7000000000000000E+002  9.1845705115702003E-002  7.9721884798036740E+001
 8.8000000000000000E+002  9.1845705115702003E-002  8.0640341849193760E+001
 8.9000000000000000E+002  9.1845705115702003E-002  8.1558798900350780E+001
 9.0000000000000000E+002  9.1845705115702003E-002  8.2477255951507800E+001
 9.1000000000000000E+002  9.1845705115702003E-002  8.3395713002664820E+001
 9.2000000000000000E+002  9.1845705115702003E-002  8.4314170053821840E+001
 9.3000000000000000E+002  9.1845705115702003E-002  8.5232627104978860E+001
 9.4000000000000000E+002  9.1845705115702003E-002  8.6151084156135880E+001
 9.5000000000000000E+002  9.1845705115702003E-002  8.7069541207292900E+001
 9.6000000000000000E+002  9.1845705115702003E-002  8.7987998258449920E+001
 9.7000000000000000E+002  9.1845705115702003E-002  8.8906455309606940E+001
 9.8000000000000000E+002  9.1845705115702003E-002  8.9824912360763960E+001
 9.9000000000000000E+002  9.1845705115702003E-002  9.0743369411920980E+001
 1.0000000000000000E+003  9.1845705115702003E-002  9.1661826463078000E+001
 1.0100000000000000E+003  9.1845705115702003E-002  9.2580283514235020E+001
 1.0200000000000000E+003  9.1845705115702003E-002  9.3498740565392040E+001
 1.0300000000000000E+003  9.1845705115702003E-002  9.4417197616549061E+001
 1.0400000000000000E+003  9.1845705115702003E-002  9.5335654667706081E+001
 1.0500000000000000E+003  9.1845705115702003E-002  9.6254111718863101E+001
 1.0600000000000000E+003  9.1845705115702003E-002  9.7172568770020121E+001
 1.0700000000000000E+003  9.1845705115702003E-002  9.8091025821177141E+001
 1.0800000000000000E+003  9.1845705115702003E-002  9.9009482872334161E+001
 1.0900000000000000E+003  9.1845705115702003E-002  9.9927939923491181E+001
 1.1000000000000000E+003  9.1845705115702003E-002  1.0084639697464820E+002
 1.1100000000000000E+003  9.1845705115702003E-002  1.0176485402580522E+002
 1.1200000000000000E+003  9.1845705115702003E-002  1.0268331107696224E+002
 1.1300000000000000E+003  9.1845705115702003E-002  1.0360176812811926E+002
 1.1400000000000000E+003  9.1845705115702003E-002  1.0452022517927628E+002
 1.1500000000000000E+003  9.1845705115702003E-002  1.0543868223043330E+002
 1.1600000000000000E+003  9.1845705115702003E-002  1.0635713928159032E+002
 1.1700000000000000E+003  9.1845705115702003E-002  1.0727559633274734E+002
 1.1800000000000000E+003  9.1845705115702003E-002  1.0819405338390436E+002
 1.1900000000000000E+003  9.1845705115702003E-002  1.0911251043506138E+002
 1.2000000000000000E+003  9.1845705115702003E-002  1.1003096748621840E+002
 1.2100000000000000E+003  9.1845705115702003E-002  1.1094942453737542E+002
 1.2200000000000000E+003  9.1845705115702003E-002  1.1186788158853244E+002
 1.2300000000000000E+003  9.1845705115702003E-002  1.1278633863968946E+002
 1.2400000000000000E+003  9.1845705115702003E-002  1.1370479569084648E+002
 1.2500000000000000E+003  9.1845705115702003E-002  1.1462325274200350E+002
 1.2600000000000000E+003  9.1845705115702003E-002  1.1554170979316052E+002
 1.2700000000000000E+003  9.1845705115702003E-002  1.1646016684431754E+002
 1.2800000000000000E+003  9.1845705115702003E-002  1.1737862389547456E+002
 1.2900000000000000E+003  9.1845705115702003E-002  1.1829708094663158E+002
 1.3000000000000000E+003  9.1845705115702003E-002  1.1921553799778860E+002
 1.3100000000000000E+003  9.1845705115702003E-002  1.2013399504894562E+002
 1.3200000000000000E+003  9.1845705115702003E-002  1.2105245210010264E+002
 1.3300000000000000E+003  9.1845705115702003E-002  1.2197090915125966E+002
 1.3400000000000000E+003  9.1845705115702003E-002  1.2288936620241668E+002
 1.3500000000000000E+003  9.1845705115702003E-002  1.2380782325357370E+002
 1.3600000000000000E+003  9.1845705115702003E-002  1.2472628030473072E+002
 1.3700000000000000E+003  9.1845705115702003E-002  1.2564473735588774E+002
 1.3800000000000000E+003  9.1845705115702003E-002  1.2656319440704476E+002
 1.3900000000000000E+003  9.1845705115702003E-002  1.2748165145820178E+002
 1.4000000000000000E+003  9.1845705115702003E-002  1.2840010850935880E+002
 1.4100000000000000E+003  9.1845705115702003E-002  1.2931856556051582E+002
 1.4200000000000000E+003  9.1845705115702003E-002  1.3023702261167284E+002
 1.4300000000000000E+003  9.1845705115702003E-002  1.3115547966282986E+002
 1.4400000000000000E+003  9.1845705115702003E-002  1.3207393671398688E+002
 1.4500000000000000E+003  9.1845705115702003E-002  1.3299239376514390E+002
 1.4600000000000000E+003  9.1845705115702003E-002  1.3391085081630092E+002
 1.4700000000000000E+003  9.1845705115702003E-002  1.3482930786745794E+002
 1.4800000000000000E+003  9.1845705115702003E-002  1.3574776491861496E+002
 1.4900000000000000E+003  9.1845705115702003E-002  1.3666622196977198E+002
 1.5000000000000000E+003  9.1845705115702003E-002  1.3758467902092900E+002
 1.5100000000000000E+003  9.1845705115702003E-002  1.3850313607208602E+002
 1.5200000000000000E+003  9.1845705115702003E-002  1.3942159312324304E+002
 1.5300000000000000E+003  9.1845705115702003E-002  1.4034005017440006E+002
 1.5400000000000000E+003  9.1845705115702003E-002  1.4125850722555708E+002
 1.5500000000000000E+003  9.1845705115702003E-002  1.4217696427671410E+002
 1.5600000000000000E+003  9.1845705115702003E-002  1.4309542132787112E+002
 1.5700000000000000E+003  9.1845705115702003E-002  1.4401387837902814E+002
 1.5800000000000000E+003  9.1845705115702003E-002  1.4493233543018516E+002
 1.5900000000000000E+003  9.1845705115702003E-002  1.4585079248134218E+002
 1.6000000000000000E+003  9.1845705115702003E-002  1.4676924953249920E+002
 1.6100000000000000E+003  9.1845705115702003E-002  1.4768770658365622E+002
 1.6200000000000000E+003  9.1845705115702003E-002  1.4860616363481324E+002
 1.6300000000000000E+003  9.1845705115702003E-002  1.4952462068597026E+002
 1.6400000000000000E+003  9.1845705115702003E-002  1.5044307773712728E+002
 1.6500000000000000E+003  9.1845705115702003E-002  1.5136153478828430E+002
 1.6600000000000000E+003  9.1845705115702003E-002  1.5227999183944132E+002
 1.6700000000000000E+003  9.1845705115702003E-002  1.5319844889059834E+002
 1.6800000000000000E+003  9.1845705115702003E-002  1.5411690594175536E+002
 1.6900000000000000E+003  9.1845705115702003E-002  1.5503536299291238E+002
 1.7000000000000000E+003  9.1845705115702003E-002  1.5595382004406940E+002
 1.7100000000000000E+003  9.1845705115702003E-002  1.5687227709522642E+002
 1.7200000000000000E+003  9.1845705115702003E-002  1.5779073414638344E+002
 1.7300000000000000E+003  9.1845705115702003E-002  1.5870919119754046E+002
 1.7400000000000000E+003  9.1845705115702003E-002  1.5962764824869748E+002
 1.7500000000000000E+003  9.1845705115702003E-002  1.6054610529985450E+002
 1.7600000000000000E+003  9.1845705115702003E-002  1.6146456235101152E+002
 1.7700000000000000E+003  9.1845705115702003E-002  1.6238301940216854E+002
 1.7800000000000000E+003  9.1845705115702003E-002  1.6330147645332556E+002
 1.7900000000000000E+003  9.1845705115702003E-002  1.6421993350448258E+002
 1.8000000000000000E+003  9.1845705115702003E-002  1.6513839055563960E+002
 1.8100000000000000E+003  9.1845705115702003E-002  1.6605684760679662E+002
 1.8200000000000000E+003  9.1845705115702003E-002  1.6697530465795364E+002
 1.8300000000000000E+003  9.1845705115702003E-002  1.6789376170911066E+002
 1.8400000000000000E+003  9.1845705115702003E-002  1.6881221876026768E+002
 1.8500000000000000E+003  9.1845705115702003E-002  1.6973067581142470E+002
 1.8600000000000000E+003  9.1845705115702003E-002  1.7064913286258172E+002
 1.8700000000000000E+003  9.1845705115702003E-002  1.7156758991373874E+002
 1.8800000000000000E+003  9.1845705115702003E-002  1.7248604696489576E+002
 1.8900000000000000E+003  9.1845705115702003E-002  1.7340450401605278E+002
 1.9000000000000000E+003  9.1845705115702003E-002  1.7432296106720980E+002
 1.9100000000000000E+003  9.1845705115702003E-002  1.7524141811836682E+002
 1.9200000000000000E+003  9.1845705115702003E-002  1.7615987516952384E+002
 1.9300000000000000E+003  9.1845705115702003E-002  1.7707833222068086E+002
 1.9400000000000000E+003  9.1845705115702003E-002  1.7799678927183788E+002
 1.9500000000000000E+003  9.1845705115702003E-002  1.7891524632299490E+002
 1.9600000000000000E+003  9.1845705115702003E-002  1.7983370337415192E+002
 1.9700000000000000E+003  9.1845705115702003E-002  1.8075216042530894E+002
 1.9800000000000000E+003  9.1845705115702003E-002  1.8167061747646596E+002
 1.9900000000000000E+003  9.1845705115702003E-002  1.8258907452762298E+002
 2.0000000000000000E+003  9.1845705115702003E-002  1.8350753157878000E+002
 2.0100000000000000E+003  9.1845705115702003E-002  1.8442598862993702E+002
 2.0200000000000000E+003  9.1845705115702003E-002  1.8534444568109404E+002
 2.0300000000000000E+003  9.1845705115702003E-002  1.8626290273225106E+002
 2.0400000000000000E+003  9.1845705115702003E-002  1.8718135978340808E+002
 2.0500000000000000E+003  9.1845705115702003E-002  1.8809981683456510E+002
 2.0600000000000000E+003  9.1845705115702003E-002  1.8901827388572212E+002
 2.0700000000000000E+003  9.1845705115702003E-002  1.8993673093687914E+002
 2.0800000000000000E+003  9.1845705115702003E-002  1.9085518798803616E+002
 2.0900000000000000E+003  9.1845705115702003E-002  1.9177364503919318E+002
 2.1000000000000000E+003  9.1845705115702003E-002  1.9269210209035020E+002
 2.1100000000000000E+003  9.1845705115702003E-002  1.9361055914150722E+002
 2.1200000000000000E+003  9.1845705115702003E-002  1.9452901619266424E+002
 2.1300000000000000E+003  9.1845705115702003E-002  1.9544747324382126E+002
 2.1400000000000000E+003  9.1845705115702003E-002  1.9636593029497828E+002
 2.1500000000000000E+003  9.1845705115702003E-002  1.9728438734613530E+002
 2.1600000000000000E+003  9.1845705115702003E-002  1.9820284439729232E+002
 2.1700000000000000E+003  9.1845705115702003E-002  1.9912130144844934E+002
 2.1800000000000000E+003  9.1845705115702003E-002  2.0003975849960636E+002
 2.1900000000000000E+003  9.1845705115702003E-002  2.0095821555076338E+002
 2.2000000000000000E+003  9.1845705115702003E-002  2.0187667260192040E+002
 2.2100000000000000E+003  9.1845705115702003E-002  2.0279512965307742E+002
 2.2200000000000000E+003  9.1845705115702003E-002  2.0371358670423444E+002
 2.2300000000000000E+003  9.1845705115702003E-002  2.0463204375539146E+002
 2.2400000000000000E+003  9.1845705115702003E-002  2.0555050080654848E+002
 2.2500000000000000E+003  9.1845705115702003E-002  2.0646895785770550E+002
 2.2600000000000000E+003  9.1845705115702003E-002  2.0738741490886252E+002
 2.2700000000000000E+003  9.1845705115702003E-002  2.0830587196001954E+002
 2.2800000000000000E+003  9.1845705115702003E-002  2.0922432901117656E+002
 2.2900000000000000E+003  9.1845705115702003E-002  2.1014278606233358E+002
 2.3000000000000000E+003  9.1845705115702003E-002  2.1106124311349060E+002
 2.3100000000000000E+003  9.1845705115702003E-002  2.1197970016464762E+002
 2.3200000000000000E+003  9.1845705115702003E-002  2.1289815721580464E+002
 2.3300000000000000E+003  9.1845705115702003E-002  2.1381661426696166E+002
 2.3400000000000000E+003  9.1845705115702003E-002  2.1473507131811868E+002
 2.3500000000000000E+003  9.1845705115702003E-002  2.1565352836927570E+002
 2.3600000000000000E+003  9.1845705115702003E-002  2.1657198542043272E+002
 2.3700000000000000E+003  9.1845705115702003E-002  2.1749044247158974E+002
 2.3800000000000000E+003  9.1845705115702003E-002  2.1840889952274676E+002
 2.3900000000000000E+003  9.1845705115702003E-002  2.1932735657390378E+002
 2.4000000000000000E+003  9.1845705115702003E-002  2.2024581362506080E+002
 2.4100000000000000E+003  9.1845705115702003E-002  2.2116427067621782E+002
 2.4200000000000000E+003  9.1845705115702003E-002  2.2208272772737485E+002
 2.4300000000000000E+003  9.1845705115702003E-002  2.2300118477853187E+002
 2.4400000000000000E+003  9.1845705115702003E-002  2.2391964182968889E+002
 2.4500000000000000E+003  9.1845705115702003E-002  2.2483809888084591E+002
 2.4600000000000000E+003  9.1845705115702003E-002  2.2575655593200293E+002
 2.4700000000000000E+003  9.1845705115702003E-002  2.2667501298315995E+002
 2.4800000000000000E+003  9.1845705115702003E-002  2.2759347003431697E+002
 2.4900000000000000E+003  9.1845705115702003E-002  2.2851192708547399E+002
 2.5000000000000000E+003  9.1845705115702003E-002  2.2943038413663101E+002
 2.5100000000000000E+003  9.1845705115702003E-002  2.3034884118778803E+002
 2.5200000000000000E+003  9.1845705115702003E-002  2.3126729823894505E+002
 2.5300000000000000E+003  9.1845705115702003E-002  2.3218575529010207E+002
 2.5400000000000000E+003  9.1845705115702003E-002  2.3310421234125909E+002
 2.5500000000000000E+003  9.1845705115702003E-002  2.3402266939241611E+002
 2.5600000000000000E+003  9.1845705115702003E-002  2.3494112644357313E+002
 2.5700000000000000E+003  9.1845705115702003E-002  2.3585958349473015E+002
 2.5800000000000000E+003  9.1845705115702003E-002  2.3677804054588717E+002
 2.5900000000000000E+003  9.1845705115702003E-002  2.3769649759704419E+002
 2.6000000000000000E+003  9.1845705115702003E-002  2.3861495464820121E+002
 2.6100000000000000E+003  9.1845705115702003E-002  2.3953341169935823E+002
 2.6200000000000000E+003  9.1845705115702003E-002  2.4045186875051525E+002
 2.6300000000000000E+003  9.1845705115702003E-002  2.4137032580167227E+002
 2.6400000000000000E+003  9.1845705115702003E-002  2.4228878285282929E+002
 2.6500000000000000E+003  9.1845705115702003E-002  2.4320723990398631E+002
 2.6600000000000000E+003  9.1845705115702003E-002  2.4412569695514333E+002
 2.6700000000000000E+003  9.1845705115702003E-002  2.4504415400630035E+002
 2.6800000000000000E+003  9.1845705115702003E-002  2.4596261105745737E+002
 2.6900000000000000E+003  9.1845705115702003E-002  2.4688106810861439E+002
 2.7000000000000000E+003  9.1845705115702003E-002  2.4779952515977141E+002
 2.7100000000000000E+003  9.1845705115702003E-002  2.4871798221092843E+002
 2.7200000000000000E+003  9.1845705115702003E-002  2.4963643926208545E+002
 2.7300000000000000E+003  9.1845705115702003E-002  2.5055489631324247E+002
 2.7400000000000000E+003  9.1845705115702003E-002  2.5147335336439949E+002
 2.7500000000000000E+003  9.1845705115702003E-002  2.5239181041555651E+002
 2.7600000000000000E+003  9.1845705115702003E-002  2.5331026746671353E+002
 2.7700000000000000E+003  9.1845705115702003E-002  2.5422872451787055E+002
 2.7800000000000000E+003  9.1845705115702003E-002  2.5514718156902757E+002
 2.7900000000000000E+003  9.1845705115702003E-002  2.5606563862018459E+002
 2.8000000000000000E+003  9.1845705115702003E-002  2.5698409567134161E+002
 2.8100000000000000E+003  9.1845705115702003E-002  2.5790255272249863E+002
 2.8200000000000000E+003  9.1845705115702003E-002  2.5882100977365565E+002
 2.8300000000000000E+003  9.1845705115702003E-002  2.5973946682481267E+002
 2.8400000000000000E+003  9.1845705115702003E-002  2.6065792387596969E+002
 2.8500000000000000E+003  9.1845705115702003E-002  2.6157638092712671E+002
 2.8600000000000000E+003  9.1845705115702003E-002  2.6249483797828373E+002
 2.8700000000000000E+003  9.1845705115702003E-002  2.6341329502944075E+002
 2.8800000000000000E+003  9.1845705115702003E-002  2.6433175208059777E+002
 2.8900000000000000E+003  9.1845705115702003E-002  2.6525020913175479E+002
 2.9000000000000000E+003  9.1845705115702003E-002  2.6616866618291181E+002
 2.9100000000000000E+003  9.1845705115702003E-002  2.6708712323406883E+002
 2.9200000000000000E+003  9.1845705115702003E-002  2.6800558028522585E+002
 2.9300000000000000E+003  9.1845705115702003E-002  2.6892403733638287E+002
 2.9400000000000000E+003  9.1845705115702003E-002  2.6984249438753989E+002
 2.9500000000000000E+003  9.1845705115702003E-002  2.7076095143869691E+002
 2.9600000000000000E+003  9.1845705115702003E-002  2.7167940848985393E+002
 2.9700000000000000E+003  9.1845705115702003E-002  2.7259786554101095E+002
 2.9800000000000000E+003  9.1845705115702003E-002  2.7351632259216797E+002
 2.9900000000000000E+003  9.1845705115702003E-002  2.7443477964332499E+002
 3.0000000000000000E+003  9.1845705115702003E-002  2.7535323669448201E+002
 3.0100000000000000E+003  9.1845705115702003E-002  2.7627169374563903E+002
 3.0200000000000000E+003  9.1845705115702003E-002  2.7719015079679605E+002
 3.0300000000000000E+003  9.1845705115702003E-002  2.7810860784795307E+002
 3.0400000000000000E+003  9.1845705115702003E-002  2.7902706489911009E+002
 3.0500000000000000E+003  9.1845705115702003E-002  2.7994552195026711E+002
 3.0600000000000000E+003  9.1845705115702003E-002  2.8086397900142413E+002
 3.0700000000000000E+003  9.1845705115702003E-002  2.8178243605258115E+002
 3.0800000000000000E+003  9.1845705115702003E-002  2.8270089310373817E+002
 3.0900000000000000E+003  9.1845705115702003E-002  2.8361935015489519E+002
 3.1000000000000000E+003  9.1845705115702003E-002  2.8453780720605221E+002
 3.1100000000000000E+003  9.1845705115702003E-002  2.8545626425720923E+002
 3.1200000000000000E+003  9.1845705115702003E-002  2.8637472130836625E+002
 3.1300000000000000E+003  9.1845705115702003E-002  2.8729317835952327E+002
 3.1400000000000000E+003  9.1845705115702003E-002  2.8821163541068029E+002
 3.1500000000000000E+003  9.1845705115702003E-002  2.8913009246183731E+002
 3.1600000000000000E+003  9.1845705115702003E-002  2.9004854951299433E+002
 3.1700000000000000E+003  9.1845705115702003E-002  2.9096700656415135E+002
 3.1800000000000000E+003  9.1845705115702003E-002  2.9188546361530837E+002
 3.1900000000000000E+003  9.1845705115702003E-002  2.9280392066646539E+002
 3.2000000000000000E+003  9.1845705115702003E-002  2.9372237771762241E+002
 3.2100000000000000E+003  9.1845705115702003E-002  2.9464083476877943E+002
 3.2200000000000000E+003  9.1845705115702003E-002  2.9555929181993645E+002
 3.2300000000000000E+003  9.1845705115702003E-002  2.9647774887109347E+002
 3.2400000000000000E+003  9.1845705115702003E-002  2.9739620592225049E+002
 3.2500000000000000E+003  9.1845705115702003E-002  2.9831466297340751E+002
 3.2600000000000000E+003  9.1845705115702003E-002  2.9923312002456453E+002
 3.2700000000000000E+003  9.1845705115702003E-002  3.0015157707572155E+002
 3.2800000000000000E+003  9.1845705115702003E-002  3.0107003412687857E+002
 3.2900000000000000E+003  9.1845705115702003E-002  3.0198849117803559E+002
 3.3000000000000000E+003  9.1845705115702003E-002  3.0290694822919261E+002
 3.3100000000000000E+003  9.1845705115702003E-002  3.0382540528034963E+002
 3.3200000000000000E+003  9.1845705115702003E-002  3.0474386233150665E+002
 3.3300000000000000E+003  9.1845705115702003E-002  3.0566231938266367E+002
 3.3400000000000000E+003  9.1845705115702003E-002  3.0658077643382069E+002
 3.3500000000000000E+003  9.1845705115702003E-002  3.0749923348497771E+002
 3.3600000000000000E+003  9.1845705115702003E-002  3.0841769053613473E+002
 3.3700000000000000E+003  9.1845705115702003E-002  3.0933614758729175E+002
 3.3800000000000000E+003  9.1845705115702003E-002  3.1025460463844877E+002
 3.3900000000000000E+003  9.1845705115702003E-002  3.1117306168960579E+002
 3.4000000000000000E+003  9.1845705115702003E-002  3.1209151874076281E+002
 3.4100000000000000E+003  9.1845705115702003E-002  3.1300997579191983E+002
 3.4200000000000000E+003  9.1845705115702003E-002  3.1392843284307685E+002
 3.4300000000000000E+003  9.1845705115702003E-002  3.1484688989423387E+002
 3.4400000000000000E+003  9.1845705115702003E-002  3.1576534694539089E+002
 3.4500000000000000E+003  9.1845705115702003E-002  3.1668380399654791E+002
 3.4600000000000000E+003  9.1845705115702003E-002  3.1760226104770493E+002
 3.4700000000000000E+003  9.1845705115702003E-002  3.1852071809886195E+002
 3.4800000000000000E+003  9.1845705115702003E-002  3.1943917515001897E+002
 3.4900000000000000E+003  9.1845705115702003E-002  3.2035763220117599E+002
 3.5000000000000000E+003  9.1845705115702003E-002  3.2127608925233301E+002
 3.5100000000000000E+003  9.1845705115702003E-002  3.2219454630349003E+002
 3.5200000000000000E+003  9.1845705115702003E-002  3.2311300335464705E+002
 3.5300000000000000E+003  9.1845705115702003E-002  3.2403146040580407E+002
 3.5400000000000000E+003  9.1845705115702003E-002  3.2494991745696109E+002
 3.5500000000000000E+003  9.1845705115702003E-002  3.2586837450811811E+002
 3.5600000000000000E+003  9.1845705115702003E-002  3.2678683155927513E+002
 3.5700000000000000E+003  9.1845705115702003E-002  3.2770528861043215E+002
 3.5800000000000000E+003  9.1845705115702003E-002  3.2862374566158917E+002
 3.5900000000000000E+003  9.1845705115702003E-002  3.2954220271274619E+002
 3.6000000000000000E+003  9.1845705115702003E-002  3.3046065976390321E+002
 3.6100000000000000E+003  9.1845705115702003E-002  3.3137911681506023E+002
 3.6200000000000000E+003  9.1845705115702003E-002  3.3229757386621725E+002
 3.6300000000000000E+003  9.1845705115702003E-002  3.3321603091737427E+002
 3.6400000000000000E+003  9.1845705115702003E-002  3.3413448796853129E+002
 3.6500000000000000E+003  9.1845705115702003E-002  3.3505294501968831E+002
 3.6600000000000000E+003  9.1845705115702003E-002  3.3597140207084533E+002
 3.6700000000000000E+003  9.1845705115702003E-002  3.3688985912200235E+002
 3.6800000000000000E+003  9.1845705115702003E-002  3.3780831617315937E+002
 3.6900000000000000E+003  9.1845705115702003E-002  3.3872677322431639E+002
 3.7000000000000000E+003  9.1845705115702003E-002  3.3964523027547341E+002
 3.7100000000000000E+003  9.1845705115702003E-002  3.4056368732663043E+002
 3.7200000000000000E+003  9.1845705115702003E-002  3.4148214437778745E+002
 3.7300000000000000E+003  9.1845705115702003E-002  3.4240060142894447E+002
 3.7400000000000000E+003  9.1845705115702003E-002  3.4331905848010149E+002
 3.7500000000000000E+003  9.1845705115702003E-002  3.4423751553125851E+002
 3.7600000000000000E+003  9.1845705115702003E-002  3.4515597258241553E+002
 3.7700000000000000E+003  9.1845705115702003E-002  3.4607442963357255E+002
 3.7800000000000000E+003  9.1845705115702003E-002  3.4699288668472957E+002
 3.7900000000000000E+003  9.1845705115702003E-002  3.4791134373588659E+002
 3.8000000000000000E+003  9.1845705115702003E-002  3.4882980078704361E+002
 3.8100000000000000E+003  9.1845705115702003E-002  3.4974825783820063E+002
 3.8200000000000000E+003  9.1845705115702003E-002  3.5066671488935765E+002
 3.8300000000000000E+003  9.1845705115702003E-002  3.5158517194051467E+002
 3.8400000000000000E+003  9.1845705115702003E-002  3.5250362899167169E+002
 3.8500000000000000E+003  9.1845705115702003E-002  3.5342208604282871E+002
 3.8600000000000000E+003  9.1845705115702003E-002  3.5434054309398573E+002
 3.8700000000000000E+003  9.1845705115702003E-002  3.5525900014514275E+002
 3.8800000000000000E+003  9.1845705115702003E-002  3.5617745719629977E+002
 3.8900000000000000E+003  9.1845705115702003E-002  3.5709591424745679E+002
 3.9000000000000000E+003  9.1845705115702003E-002  3.5801437129861381E+002
 3.9100000000000000E+003  9.1845705115702003E-002  3.5893282834977083E+002
 3.9200000000000000E+003  9.1845705115702003E-002  3.5985128540092785E+002
 3.9300000000000000E+003  9.1845705115702003E-002  3.6076974245208487E+002
 3.9400000000000000E+003  9.1845705115702003E-002  3.6168819950324189E+002
 3.9500000000000000E+003  9.1845705115702003E-002  3.6260665655439891E+002
 3.9600000000000000E+003  9.1845705115702003E-002  3.6352511360555593E+002
 3.9700000000000000E+003  9.1845705115702003E-002  3.6444357065671295E+002
 3.9800000000000000E+003  9.1845705115702003E-002  3.6536202770786997E+002
 3.9900000000000000E+003  9.1845705115702003E-002  3.6628048475902699E+002
 4.0000000000000000E+003  9.1845705115702003E-002  3.6719894181018401E+002
 4.0100000000000000E+003  9.1845705115702003E-002  3.6811739886134103E+002
 4.0200000000000000E+003  9.1845705115702003E-002  3.6903585591249805E+002
 4.0300000000000000E+003  9.1845705115702003E-002  3.6995431296365507E+002
 4.0400000000000000E+003  9.1845705115702003E-002  3.7087277001481209E+002
 4.0500000000000000E+003  9.1845705115702003E-002  3.7179122706596911E+002
 4.0600000000000000E+003  9.1845705115702003E-002  3.7270968411712613E+002
 4.0700000000000000E+003  9.1845705115702003E-002  3.7362814116828315E+002
 4.0800000000000000E+003  9.1845705115702003E-002  3.7454659821944017E+002
 4.0900000000000000E+003  9.1845705115702003E-002  3.7546505527059719E+002
 4.1000000000000000E+003  9.1845705115702003E-002  3.7638351232175421E+002
 4.1100000000000000E+003  9.1845705115702003E-002  3.7730196937291123E+002
 4.1200000000000000E+003  9.1845705115702003E-002  3.7822042642406825E+002
 4.1300000000000000E+003  9.1845705115702003E-002  3.7913888347522527E+002
 4.1400000000000000E+003  9.1845705115702003E-002  3.8005734052638229E+002
 4.1500000000000000E+003  9.1845705115702003E-002  3.8097579757753931E+002
 4.1600000000000000E+003  9.1845705115702003E-002  3.8189425462869633E+002
 4.1700000000000000E+003  9.1845705115702003E-002  3.8281271167985335E+002
 4.1800000000000000E+003  9.1845705115702003E-002  3.8373116873101037E+002
 4.1900000000000000E+003  9.1845705115702003E-002  3.8464962578216739E+002
 4.2000000000000000E+003  9.1845705115702003E-002  3.8556808283332441E+002
 4.2100000000000000E+003  9.1845705115702003E-002  3.8648653988448143E+002
 4.2200000000000000E+003  9.1845705115702003E-002  3.8740499693563845E+002
 4.2300000000000000E+003  9.1845705115702003E-002  3.8832345398679547E+002
 4.2400000000000000E+003  9.1845705115702003E-002  3.8924191103795249E+002
 4.2500000000000000E+003  9.1845705115702003E-002  3.9016036808910951E+002
 4.2600000000000000E+003  9.1845705115702003E-002  3.9107882514026653E+002
 4.2700000000000000E+003  9.1845705115702003E-002  3.9199728219142355E+002
 4.2800000000000000E+003  9.1845705115702003E-002  3.9291573924258057E+002
 4.2900000000000000E+003  9.1845705115702003E-002  3.9383419629373759E+002
 4.3000000000000000E+003  9.1845705115702003E-002  3.9475265334489461E+002
 4.3100000000000000E+003  9.1845705115702003E-002  3.9567111039605163E+002
 4.3200000000000000E+003  9.1845705115702003E-002  3.9658956744720865E+002
 4.3300000000000000E+003  9.1845705115702003E-002  3.9750802449836567E+002
 4.3400000000000000E+003  9.1845705115702003E-002  3.9842648154952269E+002
 4.3500000000000000E+003  9.1845705115702003E-002  3.9934493860067971E+002
 4.3600000000000000E+003  9.1845705115702003E-002  4.0026339565183673E+002
 4.3700000000000000E+003  9.1845705115702003E-002  4.0118185270299375E+002
 4.3800000000000000E+003  9.1845705115702003E-002  4.0210030975415077E+002
 4.3900000000000000E+003  9.1845705115702003E-002  4.0301876680530779E+002
 4.4000000000000000E+003  9.1845705115702003E-002  4.0393722385646481E+002
 4.4100000000000000E+003  9.1845705115702003E-002  4.0485568090762183E+002
 4.4200000000000000E+003  9.1845705115702003E-002  4.0577413795877885E+002
 4.4300000000000000E+003  9.1845705115702003E-002  4.0669259500993587E+002
 4.4400000000000000E+003  9.1845705115702003E-002  4.0761105206109289E+002
 4.4500000000000000E+003  9.1845705115702003E-002  4.0852950911224991E+002
 4.4600000000000000E+003  9.1845705115702003E-002  4.0944796616340693E+002
 4.4700000000000000E+003  9.1845705115702003E-002  4.1036642321456395E+002
 4.4800000000000000E+003  9.1845705115702003E-002  4.1128488026572097E+002
 4.4900000000000000E+003  9.1845705115702003E-002  4.1220333731687799E+002
 4.5000000000000000E+003  9.1845705115702003E-002  4.1312179436803501E+002
 4.5100000000000000E+003  9.1845705115702003E-002  4.1404025141919203E+002
 4.5200000000000000E+003  9.1845705115702003E-002  4.1495870847034905E+002
 4.5300000000000000E+003  9.1845705115702003E-002  4.1587716552150607E+002
 4.5400000000000000E+003  9.1845705115702003E-002  4.1679562257266309E+002
 4.5500000000000000E+003  9.1845705115702003E-002  4.1771407962382011E+002
 4.5600000000000000E+003  9.1845705115702003E-002  4.1863253667497713E+002
 4.5700000000000000E+003  9.1845705115702003E-002  4.1955099372613415E+002
 4.5800000000000000E+003  9.1845705115702003E-002  4.2046945077729117E+002
 4.5900000000000000E+003  9.1845705115702003E-002  4.2138790782844819E+002
 4.6000000000000000E+003  9.1845705115702003E-002  4.2230636487960521E+002
 4.6100000000000000E+003  9.1845705115702003E-002  4.2322482193076223E+002
 4.6200000000000000E+003  9.1845705115702003E-002  4.2414327898191925E+002
 4.6300000000000000E+003  9.1845705115702003E-002  4.2506173603307627E+002
 4.6400000000000000E+003  9.1845705115702003E-002  4.2598019308423329E+002
 4.6500000000000000E+003  9.1845705115702003E-002  4.2689865013539031E+002
 4.6600000000000000E+003  9.1845705115702003E-002  4.2781710718654733E+002
 4.6700000000000000E+003  9.1845705115702003E-002  4.2873556423770435E+002
 4.6800000000000000E+003  9.1845705115702003E-002  4.2965402128886137E+002
 4.6900000000000000E+003  9.1845705115702003E-002  4.3057247834001839E+002
 4.7000000000000000E+003  9.1845705115702003E-002  4.3149093539117541E+002
 4.7100000000000000E+003  9.1845705115702003E-002  4.3240939244233243E+002
 4.7200000000000000E+003  9.1845705115702003E-002  4.3332784949348945E+002
 4.7300000000000000E+003  9.1845705115702003E-002  4.3424630654464647E+002
 4.7400000000000000E+003  9.1845705115702003E-002  4.3516476359580349E+002
 4.7500000000000000E+003  9.1845705115702003E-002  4.3608322064696051E+002
 4.7600000000000000E+003  9.1845705115702003E-002  4.3700167769811753E+002
 4.7700000000000000E+003  9.1845705115702003E-002  4.3792013474927455E+002
 4.7800000000000000E+003  9.1845705115702003E-002  4.3883859180043157E+002
 4.7900000000000000E+003  9.1845705115702003E-002  4.3975704885158859E+002
 4.8000000000000000E+003  9.1845705115702003E-002  4.4067550590274561E+002
 4.8100000000000000E+003  9.1845705115702003E-002  4.4159396295390263E+002
 4.8200000000000000E+003  9.1845705115702003E-002  4.4251242000505965E+002
 4.8300000000000000E+003  9.1845705115702003E-002  4.4343087705621667E+002
 4.8400000000000000E+003  9.1845705115702003E-002  4.4434933410737369E+002
 4.8500000000000000E+003  9.1845705115702003E-002  4.4526779115853071E+002
 4.8600000000000000E+003  9.1845705115702003E-002  4.4618624820968773E+002
 4.8700000000000000E+003  9.1845705115702003E-002  4.4710470526084475E+002
 4.8800000000000000E+003  9.1845705115702003E-002  4.4802316231200177E+002
 4.8900000000000000E+003  9.1845705115702003E-002  4.4894161936315879E+002
 4.9000000000000000E+003  9.1845705115702003E-002  4.4986007641431581E+002
 4.9100000000000000E+003  9.1845705115702003E-002  4.5077853346547283E+002
 4.9200000000000000E+003  9.1845705115702003E-002  4.5169699051662985E+002
 4.9300000000000000E+003  9.1845705115702003E-002  4.5261544756778687E+002
 4.9400000000000000E+003  9.1845705115702003E-002  4.5353390461894389E+002
 4.9500000000000000E+003  9.1845705115702003E-002  4.5445236167010091E+002
 4.9600000000000000E+003  9.1845705115702003E-002  4.5537081872125793E+002
 4.9700000000000000E+003  9.1845705115702003E-002  4.5628927577241495E+002
 4.9800000000000000E+003  9.1845705115702003E-002  4.5720773282357197E+002
 4.9900000000000000E+003  9.1845705115702003E-002  4.5812618987472899E+002
 5.0000000000000000E+003  9.1845705115702003E-002  4.5904464692588601E+002
 5.0100000000000000E+003  9.1845705115702003E-002  4.5996310397704303E+002
 5.0200000000000000E+003  9.1845705115702003E-002  4.6088156102820005E+002
 5.0300000000000000E+003  9.1845705115702003E-002  4.6180001807935707E+002
 5.0400000000000000E+003  9.1845705115702003E-002  4.6271847513051409E+002
 5.0500000000000000E+003  9.1845705115702003E-002  4.6363693218167111E+002
 5.0600000000000000E+003  9.1845705115702003E-002  4.6455538923282813E+002
 5.0700000000000000E+003  9.1845705115702003E-002  4.6547384628398515E+002
 5.0800000000000000E+003  9.1845705115702003E-002  4.6639230333514217E+002
 5.0900000000000000E+003  9.1845705115702003E-002  4.6731076038629919E+002
 5.1000000000000000E+003  9.1845705115702003E-002  4.6822921743745621E+002
 5.1100000000000000E+003  9.1845705115702003E-002  4.6914767448861323E+002
 5.1200000000000000E+003  9.1845705115702003E-002  4.7006613153977025E+002
 5.1300000000000000E+003  9.1845705115702003E-002  4.7098458859092727E+002
 5.1400000000000000E+003  9.1845705115702003E-002  4.7190304564208429E+002
 5.1500000000000000E+003  9.1845705115702003E-002  4.7282150269324131E+002
 5.1600000000000000E+003  9.1845705115702003E-002  4.7373995974439833E+002
 5.1700000000000000E+003  9.1845705115702003E-002  4.7465841679555535E+002
 5.1800000000000000E+003  9.1845705115702003E-002  4.7557687384671237E+002
 5.1900000000000000E+003  9.1845705115702003E-002  4.7649533089786939E+002
 5.2000000000000000E+003  9.1845705115702003E-002  4.7741378794902641E+002
 5.2100000000000000E+003  9.1845705115702003E-002  4.7833224500018343E+002
 5.2200000000000000E+003  9.1845705115702003E-002  4.7925070205134045E+002
 5.2300000000000000E+003  9.1845705115702003E-002  4.8016915910249747E+002
 5.2400000000000000E+003  9.1845705115702003E-002  4.8108761615365449E+002
 5.2500000000000000E+003  9.1845705115702003E-002  4.8200607320481151E+002
 5.2600000000000000E+003  9.1845705115702003E-002  4.8292453025596853E+002
 5.2700000000000000E+003  9.1845705115702003E-002  4.8384298730712555E+002
 5.2800000000000000E+003  9.1845705115702003E-002  4.8476144435828257E+002
 5.2900000000000000E+003  9.1845705115702003E-002  4.8567990140943959E+002
 5.3000000000000000E+003  9.1845705115702003E-002  4.8659835846059661E+002
 5.3100000000000000E+003  9.1845705115702003E-002  4.8751681551175363E+002
 5.3200000000000000E+003  9.1845705115702003E-002  4.8843527256291065E+002
 5.3300000000000000E+003  9.1845705115702003E-002  4.8935372961406767E+002
 5.3400000000000000E+003  9.1845705115702003E-002  4.9027218666522469E+002
 5.3500000000000000E+003  9.1845705115702003E-002  4.9119064371638171E+002
 5.3600000000000000E+003  9.1845705115702003E-002  4.9210910076753873E+002
 5.3700000000000000E+003  9.1845705115702003E-002  4.9302755781869575E+002
 5.3800000000000000E+003  9.1845705115702003E-002  4.9394601486985277E+002
 5.3900000000000000E+003  9.1845705115702003E-002  4.9486447192100979E+002
 5.4000000000000000E+003  9.1845705115702003E-002  4.9578292897216681E+002
 5.4100000000000000E+003  9.1845705115702003E-002  4.9670138602332383E+002
 5.4200000000000000E+003  9.1845705115702003E-002  4.9761984307448085E+002
 5.4300000000000000E+003  9.1845705115702003E-002  4.9853830012563787E+002
 5.4400000000000000E+003  9.1845705115702003E-002  4.9945675717679489E+002
 5.4500000000000000E+003  9.1845705115702003E-002  5.0037521422795191E+002
 5.4600000000000000E+003  9.1845705115702003E-002  5.0129367127910893E+002
 5.4700000000000000E+003  9.1845705115702003E-002  5.0221212833026595E+002
 5.4800000000000000E+003  9.1845705115702003E-002  5.0313058538142297E+002
 5.4900000000000000E+003  9.1845705115702003E-002  5.0404904243257999E+002
 5.5000000000000000E+003  9.1845705115702003E-002  5.0496749948373701E+002
 5.5100000000000000E+003  9.1845705115702003E-002  5.0588595653489404E+002
 5.5200000000000000E+003  9.1845705115702003E-002  5.0680441358605106E+002
 5.5300000000000000E+003  9.1845705115702003E-002  5.0772287063720808E+002
 5.5400000000000000E+003  9.1845705115702003E-002  5.0864132768836510E+002
 5.5500000000000000E+003  9.1845705115702003E-002  5.0955978473952212E+002
 5.5600000000000000E+003  9.1845705115702003E-002  5.1047824179067914E+002
 5.5700000000000000E+003  9.1845705115702003E-002  5.1139669884183616E+002
 5.5800000000000000E+003  9.1845705115702003E-002  5.1231515589299318E+002
 5.5900000000000000E+003  9.1845705115702003E-002  5.1323361294415020E+002
 5.6000000000000000E+003  9.1845705115702003E-002  5.1415206999530722E+002
 5.6100000000000000E+003  9.1845705115702003E-002  5.1507052704646424E+002
 5.6200000000000000E+003  9.1845705115702003E-002  5.1598898409762126E+002
 5.6300000000000000E+003  9.1845705115702003E-002  5.1690744114877828E+002
 5.6400000000000000E+003  9.1845705115702003E-002  5.1782589819993530E+002
 5.6500000000000000E+003  9.1845705115702003E-002  5.1874435525109232E+002
 5.6600000000000000E+003  9.1845705115702003E-002  5.1966281230224934E+002
 5.6700000000000000E+003  9.1845705115702003E-002  5.2058126935340636E+002
 5.6800000000000000E+003  9.1845705115702003E-002  5.2149972640456338E+002
 5.6900000000000000E+003  9.1845705115702003E-002  5.2241818345572040E+002
 5.7000000000000000E+003  9.1845705115702003E-002  5.2333664050687742E+002
 5.7100000000000000E+003  9.1845705115702003E-002  5.2425509755803444E+002
 5.7200000000000000E+003  9.1845705115702003E-002  5.2517355460919146E+002
 5.7300000000000000E+003  9.1845705115702003E-002  5.2609201166034848E+002
 5.7400000000000000E+003  9.1845705115702003E-002  5.2701046871150550E+002
 5.7500000000000000E+003  9.1845705115702003E-002  5.2792892576266252E+002
 5.7600000000000000E+003  9.1845705115702003E-002  5.2884738281381954E+002
 5.7700000000000000E+003  9.1845705115702003E-002  5.2976583986497656E+002
 5.7800000000000000E+003  9.1845705115702003E-002  5.3068429691613358E+002
 5.7900000000000000E+003  9.1845705115702003E-002  5.3160275396729060E+002
 5.8000000000000000E+003  9.1845705115702003E-002  5.3252121101844762E+002
 5.8100000000000000E+003  9.1845705115702003E-002  5.3343966806960464E+002
 5.8200000000000000E+003  9.1845705115702003E-002  5.3435812512076166E+002
 5.8300000000000000E+003  9.1845705115702003E-002  5.3527658217191868E+002
 5.8400000000000000E+003  9.1845705115702003E-002  5.3619503922307570E+002
 5.8500000000000000E+003  9.1845705115702003E-002  5.3711349627423272E+002
 5.8600000000000000E+003  9.1845705115702003E-002  5.3803195332538974E+002
 5.8700000000000000E+003  9.1845705115702003E-002  5.3895041037654676E+002
 5.8800000000000000E+003  9.1845705115702003E-002  5.3986886742770378E+002
 5.8900000000000000E+003  9.1845705115702003E-002  5.4078732447886080E+002
 5.9000000000000000E+003  9.1845705115702003E-002  5.4170578153001782E+002
 5.9100000000000000E+003  9.1845705115702003E-002  5.4262423858117484E+002
 5.9200000000000000E+003  9.1845705115702003E-002  5.4354269563233186E+002
 5.9300000000000000E+003  9.1845705115702003E-002  5.4446115268348888E+002
 5.9400000000000000E+003  9.1845705115702003E-002  5.4537960973464590E+002
 5.9500000000000000E+003  9.1845705115702003E-002  5.4629806678580292E+002
 5.9600000000000000E+003  9.1845705115702003E-002  5.4721652383695994E+002
 5.9700000000000000E+003  9.1845705115702003E-002  5.4813498088811696E+002
 5.9800000000000000E+003  9.1845705115702003E-002  5.4905343793927398E+002
 5.9900000000000000E+003  9.1845705115702003E-002  5.4997189499043100E+002
 6.0000000000000000E+003  9.1845705115702003E-002  5.5089035204158802E+002
